// Jest Snapshot v1, https://goo.gl/fbAQLP

exports[`MoneyMeter Component Snapshot test Renders the UI as expected 1`] = `
<p>
  Money: $undefined
</p>
`;
