// Jest Snapshot v1, https://goo.gl/fbAQLP

exports[`LeaderBoard Component Snapshot test Renders the UI as expected 1`] = `
<section
  className="LeaderBoard"
>
  <h2>
    Those who made it the longest...
  </h2>
  <ol
    className="leader-list"
  />
</section>
`;
